---
source: testing/matrix-sdk-test/src/test_json/keys_query_sets.rs
expression: ruma_response_to_json(response.clone())
---
{
  "device_keys": {
    "@dan:localhost": {
      "JHPUERYQUW": {
        "algorithms": [
          "m.olm.v1.curve25519-aes-sha2",
          "m.megolm.v1.aes-sha2"
        ],
        "device_id": "JHPUERYQUW",
        "keys": {
          "curve25519:JHPUERYQUW": "PBo2nKbink/HxgzMrBftGPogsD0d47LlIMsViTpCRn4",
          "ed25519:JHPUERYQUW": "+qMutlCB/eWCbI3bIskWhjYVGrRX8hF+F48sNsmg1YE"
        },
        "signatures": {
          "@dan:localhost": {
            "ed25519:FZSpCr3lGMCfjgRtlLxxHkGJ8dMw5YSYvSYaf7bJ2QA": "msmrAwToOpBmSLeWyThuV7vS7fXGB291C3KUrM+2a0L6CS6pqpK12nBZG/dLeDzVSAamyWjB3OuwhTl0kE7UCA",
            "ed25519:JHPUERYQUW": "I9mcfT2BIwbWfga1P85rdbhEDh5qc/3pLgY8jsqlzXbjl4AfHKBZUvcgQ54kKFOf/jK9pTK2Ed35cDQ1QZ44Cw"
          }
        },
        "user_id": "@dan:localhost"
      }
    }
  },
  "master_keys": {
    "@dan:localhost": {
      "keys": {
        "ed25519:ZzirLovLjBbJ9KkCl/w1+WevTSQdn0ngS4xl36bAuZo": "ZzirLovLjBbJ9KkCl/w1+WevTSQdn0ngS4xl36bAuZo"
      },
      "signatures": {
        "@dan:localhost": {
          "ed25519:ZzirLovLjBbJ9KkCl/w1+WevTSQdn0ngS4xl36bAuZo": "WiSxmg/RpT8BTHcLvNS7vgKyonsRpX/K6E9EzEfLpNOxXfisPClbpuVtxEb3te/Cx/1UKaio1MJcDxqKFMVmDw"
        },
        "@me:localhost": {
          "ed25519:mvzOc2EuHoVfZTk1hX3y0hyjUs4MrfPv2V/PUFzMQJY": "lSa34sDcviLPgk8yECGxwdSt2074sf2R8uSmxpTuK5NBqv9dpu0NwTJkO4PLohQTvleIYZSH+uXc3mPZpFy8DQ"
        }
      },
      "usage": [
        "master"
      ],
      "user_id": "@dan:localhost"
    }
  },
  "self_signing_keys": {
    "@dan:localhost": {
      "keys": {
        "ed25519:FZSpCr3lGMCfjgRtlLxxHkGJ8dMw5YSYvSYaf7bJ2QA": "FZSpCr3lGMCfjgRtlLxxHkGJ8dMw5YSYvSYaf7bJ2QA"
      },
      "signatures": {
        "@dan:localhost": {
          "ed25519:ZzirLovLjBbJ9KkCl/w1+WevTSQdn0ngS4xl36bAuZo": "ZKjShHHjXbnkhAUk6P2c03FsUr4wB+3xH7llKV/7QD5wuOapgM7OucABCixivA6xiUVWPGjzZ76y6DFG6YloAA"
        }
      },
      "usage": [
        "self_signing"
      ],
      "user_id": "@dan:localhost"
    }
  },
  "user_signing_keys": {
    "@dan:localhost": {
      "keys": {
        "ed25519:2MZakmHIYdjIvYEmUsoNJoAx8Rx2hviO2hq8q5jQ4Rk": "2MZakmHIYdjIvYEmUsoNJoAx8Rx2hviO2hq8q5jQ4Rk"
      },
      "signatures": {
        "@dan:localhost": {
          "ed25519:ZzirLovLjBbJ9KkCl/w1+WevTSQdn0ngS4xl36bAuZo": "bsjJnBMMYcRwcNysPhW9r8jOXuui7otHJH1/clnf7jhEHzj2v8ei4IjZaKLvodFdNLyl/DQE5eOKlhCgt5ekDQ"
        }
      },
      "usage": [
        "user_signing"
      ],
      "user_id": "@dan:localhost"
    }
  }
}
