---
source: crates/matrix-sdk-crypto/src/types/events/olm_v1.rs
expression: event
---
{
  "sender": "@alice:example.org",
  "recipient": "@bob:example.org",
  "keys": {
    "ed25519": "aOfOnlaeMb5GW1TxkZ8pXnblkGMgAvps+lAukrdYaZk"
  },
  "recipient_keys": {
    "ed25519": "aOfOnlaeMb5GW1TxkZ8pXnblkGMgAvps+lAukrdYaZk"
  },
  "sender_device_keys": {
    "algorithms": [
      "m.olm.v1.curve25519-aes-sha2"
    ],
    "device_id": "DEV",
    "keys": {
      "curve25519:DEV": "c29vb29vb29vb29vb29vb29vb29vb29vb29vb29vb28",
      "ed25519:DEV": "b29vb29vb29vb29vb29vb29vb29vb29vb29vb29vb28"
    },
    "signatures": {
      "@u:s.co": {
        "ed25519:DEV": "mia28GKixFzOWKJ0h7Bdrdy2fjxiHCsst1qpe467FbW85H61UlshtKBoAXfTLlVfi0FX+/noJ8B3noQPnY+9Cg",
        "ed25519:ssk": "mia28GKixFzOWKJ0h7Bdrdy2fjxiHCsst1qpe467FbW85H61UlshtKBoAXfTLlVfi0FX+/noJ8B3noQPnY+9Cg"
      }
    },
    "user_id": "@u:s.co"
  },
  "content": {
    "algorithm": "m.megolm.v1.aes-sha2",
    "org.matrix.msc3061.shared_history": false,
    "room_id": "!Cuyf34gef24t:localhost",
    "session_id": "ZFD6+OmV7fVCsJ7Gap8UnORH8EnmiAkes8FAvQuCw/I",
    "session_key": "AgAAAADNp1EbxXYOGmJtyX4AkD1bvJvAUyPkbIaKxtnGKjvSQ3E/4mnuqdM4vsmNzpO1EeWzz1rDkUpYhYE9kP7sJhgLXijVv80fMPHfGc49hPdu8A+xnwD4SQiYdFmSWJOIqsxeo/fiHtino//CDQENtcKuEt0I9s0+Kk4YSH310Szse2RQ+vjple31QrCexmqfFJzkR/BJ5ogJHrPBQL0LgsPyglIbMTLg7qygIaYU5Fe2QdKMH7nTZPNIRHh1RaMfHVETAUJBax88EWZBoifk80gdHUwHSgMk77vCc2a5KHKLDA"
  },
  "type": "m.room_key"
}
