---
source: crates/matrix-sdk-common/src/deserialized_responses.rs
expression: "serde_json::to_value(&state).unwrap()"
---
{
  "Grey": {
    "code": "AuthenticityNotGuaranteed",
    "message": "authenticity of this message cannot be guaranteed"
  }
}
