---
source: crates/matrix-sdk-common/src/deserialized_responses.rs
expression: "serde_json::to_value(&level).unwrap()"
---
"VerificationViolation"
