---
source: crates/matrix-sdk-common/src/deserialized_responses.rs
expression: "serde_json::to_value(&state).unwrap()"
---
{
  "Red": {
    "code": "UnverifiedIdentity",
    "message": "a message"
  }
}
