---
source: crates/matrix-sdk-common/src/deserialized_responses.rs
expression: "ShieldStateCode::UnknownDevice"
---
"UnknownDevice"
