---
source: crates/matrix-sdk-common/src/deserialized_responses.rs
expression: "ShieldStateCode::UnverifiedIdentity"
---
"UnverifiedIdentity"
