---
source: crates/matrix-sdk-crypto/src/lib.rs
expression: "TrustRequirement::Untrusted"
---
"Untrusted"
