---
source: crates/matrix-sdk-crypto/src/types/mod.rs
expression: decryption_key
---
BackupDecryptionKey(
    "...",
)
